 build-host-01    14 sessions 
  ● ENG-1284 running 1h 42m ·…
  ● ENG-1290 running 12m · Mi…
▸ ● ENG-1301 running 58m · 日…
  ● 3e4f5a6b running 40s
  ○ 4f5a6b7c held 9m
  ● ENG-1310 starting 20s · S…
↓ 8 more
session stream  [follow]
20:29:57 [ENG-1284] tool_use …
20:29:58 [ENG-1290] thought  …
20:29:59 [ENG-1301] tool_resu…



↑↓/jk select   enter detail  …
