 build-host-01   14 sessions   queue 2   slots 13/16   uptime 3h 16m   v0.72.68 
↑ 4 more
┃▸○ 4f5a6b7c                          ┃ │ ● ENG-1310  Ship 🚀 release notes … │
session stream  [follow]
20:29:59 [ENG-1301] tool_result  Edit → ok
↑↓/jk select   enter detail   [ ] split   0 reset   f follow/pause   g tail   q…
